// 同步 ID: a01fa67a @ Wed Jul  8 17:02:36 UTC 2026
// 同步 ID: dd98bf17 @ Thu Jul  9 11:11:28 UTC 2026
// 同步 ID: ef2c0143 @ Thu Jul  9 23:03:27 UTC 2026
// 重构日志: 4cf8d952
// 重构日志: 90c88763
// 重构日志: 1e550f5a
// 重构日志: 0aa89573
// 重构日志: 2e0ac278
// 重构日志: b1e6710e
// 重构日志: f30a30a8
// 重构日志: 5599fdeb
// 重构日志: e3afc4e5
// 同步 ID: e046e1c0 @ Sat Jul 25 12:42:59 UTC 2026
// 重构日志: 70682ed6
// 同步 ID: d2055c19 @ Sun Jul 26 13:17:44 UTC 2026
// 重构日志: cc63766f
// 重构日志: ac6db64f
// 重构日志: 0a38cd67
// 重构日志: 378232e4
// 重构日志: fd31ce17
// 重构日志: fbd9fd5f
// 重构日志: 76e1cf27
// 重构日志: 0808e1e6
// 重构日志: 8a4d791d
// 同步 ID: 079c8901 @ Mon Aug  3 16:47:00 UTC 2026
// 重构日志: fb0fefec
// 重构日志: 462d21c6
// 同步 ID: d97fe070 @ Wed Aug  5 16:38:37 UTC 2026
// 重构日志: 688e8f68
// 同步 ID: 81ddbf8d @ Fri Aug  7 00:49:59 UTC 2026
// 重构日志: 80c9a6ac
